Microchip MPLAB XC8 Compiler V2.36

Linker command line:

-W-3 --edf=/Applications/microchip/xc8/v2.36/pic/dat/en_msgs.txt -cn \
  -h+dist/default/production/mplabx_adding_an_existing_source_code_file.X.production.sym \
  --cmf=dist/default/production/mplabx_adding_an_existing_source_code_file.X.production.cmf \
  -z -Q18F16Q41 -o/tmp/xcMvvztWQ --defsym=__MPLAB_BUILD=1 \
  -Mdist/default/production/mplabx_adding_an_existing_source_code_file.X.production.map \
  --md=/tmp/xciTFQ3xg.dat -E1 -ver=XC8 Compiler --acfsm=1493 \
  -ACODE=00h-0FFFFh -ACONST=00h-0FFFFh -ASMALLCONST=01500h-015FFhx235 \
  -AMEDIUMCONST=01500h-0FFFFh -ACOMRAM=0501h-055Fh -AABS1=0500h-014FFh \
  -ABIGRAM=0501h-014FFh -ARAM=0560h-05FFh,0600h-06FFhx15 \
  -ABANK5=0560h-05FFh -ABANK6=0600h-06FFh -ABANK7=0700h-07FFh \
  -ABANK8=0800h-08FFh -ABANK9=0900h-09FFh -ABANK10=0A00h-0AFFh \
  -ABANK11=0B00h-0BFFh -ABANK12=0C00h-0CFFh -ABANK13=0D00h-0DFFh \
  -ABANK14=0E00h-0EFFh -ABANK15=0F00h-0FFFh -ABANK16=01000h-010FFh \
  -ABANK17=01100h-011FFh -ABANK18=01200h-012FFh -ABANK19=01300h-013FFh \
  -ABANK20=01400h-014FFh \
  -ASFR=00h-0FFhx4,0400h-045Fh,0460h-04FFh,01500h-015FFh \
  -ABIGSFR=00h-04FFh,01500h-015FFh -ACONFIG=0300000h-0300011h \
  -AIDLOC=0200000h-020003Fh -AEEDATA=0380000h-03801FFh -peeprom_data=EEDATA \
  -preset_vec=00h -ppowerup=CODE,init -pramtop=01500h \
  -psmallconst=SMALLCONST -pmediumconst=MEDIUMCONST -pconst=CONST \
  -AFARRAM=00h-00h \
  -prdata=COMRAM,nvrram=COMRAM,nvbit=COMRAM,rbss=COMRAM,rbit=COMRAM \
  -pfarbss=FARRAM,fardata=FARRAM,nvFARRAM=FARRAM \
  -pintsave_regs=BIGRAM,bigbss=BIGRAM,bigdata=BIGRAM -pbss=RAM \
  -pidata=CODE,irdata=CODE,ibigdata=CODE,ifardata=CODE -prparam=COMRAM \
  /tmp/xcMLpI49d.o \
  dist/default/production/mplabx_adding_an_existing_source_code_file.X.production.o 

Object code version is 3.11

Machine type is 18F16Q41



                Name                               Link     Load   Length Selector   Space Scale
/tmp/xcMLpI49d.o
                idloc                            200000   200000       40        0       5
                config                           300000   300000        A        0       4
                init                               FFFC     FFFC        4     7FFE       0
                reset_vec                             0        0        4        0       0
dist/default/production/mplabx_adding_an_existing_source_code_file.X.production.o
                idloc                            200000   200000       40        0       5
                config                           300000   300000        A        0       4
                text6                              FF8E     FF8E        A     7FC7       0
                text5                              FF7E     FF7E        2     7FBF       0
                text4                              FF98     FF98        A     7FCC       0
                text3                              FF80     FF80        4     7FC0       0
                text2                              FF84     FF84        4     7FC2       0
                text1                              FFCE     FFCE       2E     7FE7       0
                text0                              FFA2     FFA2       2C     7FD1       0
                cstackCOMRAM                        501      501        3      501       1
                cinit                              FF88     FF88        6     7FC4       0

TOTAL           Name                               Link     Load   Length     Space
        CLASS   CODE           
                init                               FFFC     FFFC        4         0
                reset_vec                             0        0        4         0
                text6                              FF8E     FF8E        A         0
                text5                              FF7E     FF7E        2         0
                text4                              FF98     FF98        A         0
                text3                              FF80     FF80        4         0
                text2                              FF84     FF84        4         0
                text1                              FFCE     FFCE       2E         0
                text0                              FFA2     FFA2       2C         0
                cinit                              FF88     FF88        6         0

        CLASS   CONST          

        CLASS   SMALLCONST     

        CLASS   MEDIUMCONST    

        CLASS   COMRAM         
                cstackCOMRAM                        501      501        3         1

        CLASS   ABS1           

        CLASS   BIGRAM         

        CLASS   RAM            

        CLASS   BANK5          

        CLASS   BANK6          

        CLASS   BANK7          

        CLASS   BANK8          

        CLASS   BANK9          

        CLASS   BANK10         

        CLASS   BANK11         

        CLASS   BANK12         

        CLASS   BANK13         

        CLASS   BANK14         

        CLASS   BANK15         

        CLASS   BANK16         

        CLASS   BANK17         

        CLASS   BANK18         

        CLASS   BANK19         

        CLASS   BANK20         

        CLASS   SFR            

        CLASS   BIGSFR         

        CLASS   CONFIG         
                config                           300000   300000        A         4

        CLASS   IDLOC          
                idloc                            200000   200000       40         5

        CLASS   EEDATA         

        CLASS   FARRAM         

        CLASS   HEAP           

        CLASS   STACK          



SEGMENTS        Name                           Load    Length   Top    Selector   Space  Class

                text6                          00FF8E  00000A  00FF98      7FC7       0  CODE    
                text4                          00FF98  00000A  00FFA2      7FCC       0  CODE    
                reset_vec                      000000  000004  000004         0       0  CODE    
                cinit                          00FF88  000006  00FF8E      7FC4       0  CODE    
                text1                          00FFCE  00002E  00FFFC      7FE7       0  CODE    
                text0                          00FFA2  00002C  00FFCE      7FD1       0  CODE    
                text3                          00FF80  000004  00FF84      7FC0       0  CODE    
                text5                          00FF7E  000002  00FF80      7FBF       0  CODE    
                text2                          00FF84  000004  00FF88      7FC2       0  CODE    
                init                           00FFFC  000004  010000      7FFE       0  CODE    
                cstackCOMRAM                   000501  000003  000504       501       1  COMRAM  


UNUSED ADDRESS RANGES

        Name                Unused          Largest block    Delta
        BANK10           000A00-000AFF              100
        BANK11           000B00-000BFF              100
        BANK12           000C00-000CFF              100
        BANK13           000D00-000DFF              100
        BANK14           000E00-000EFF              100
        BANK15           000F00-000FFF              100
        BANK16           001000-0010FF              100
        BANK17           001100-0011FF              100
        BANK18           001200-0012FF              100
        BANK19           001300-0013FF              100
        BANK20           001400-0014FF              100
        BANK5            000560-0005FF               A0
        BANK6            000600-0006FF              100
        BANK7            000700-0007FF              100
        BANK8            000800-0008FF              100
        BANK9            000900-0009FF              100
        BIGRAM           000504-0014FF              FFC
        BIGSFR           000000-0004FF              500
                         001500-0015FF              100
        CODE             000004-00FF7D             FF7A
        COMRAM           000504-00055F               5C
        CONFIG           30000A-300011                8
        CONST            000004-00FF7D             FF7A
        EEDATA           380000-3801FF              200
        MEDIUMCONST      001500-00FF7D             EA7E
        RAM              000560-0014FF              100
        SFR              000000-0004FF              100
                         001500-0015FF              100
        SMALLCONST       001500-00FF7D              100

                                  Symbol Table

_ANSELCbits                      (abs)        000410
_AppInit                         text4        00FF98
_LATCbits                        (abs)        0004C0
_TRISCbits                       (abs)        0004C8
__HRAM                           (abs)        000000
__Habs1                          abs1         000000
__Hbank10                        bank10       000000
__Hbank11                        bank11       000000
__Hbank12                        bank12       000000
__Hbank13                        bank13       000000
__Hbank14                        bank14       000000
__Hbank15                        bank15       000000
__Hbank16                        bank16       000000
__Hbank17                        bank17       000000
__Hbank18                        bank18       000000
__Hbank19                        bank19       000000
__Hbank20                        bank20       000000
__Hbank5                         bank5        000000
__Hbank6                         bank6        000000
__Hbank7                         bank7        000000
__Hbank8                         bank8        000000
__Hbank9                         bank9        000000
__Hbigbss                        bigbss       000000
__Hbigdata                       bigdata      000000
__Hbigram                        bigram       000000
__Hbigsfr                        bigsfr       000000
__Hbss                           bss          000000
__Hcinit                         cinit        000000
__Hclrtext                       clrtext      000000
__Hcomram                        comram       000000
__Hconfig                        config       30000A
__Hconst                         const        000000
__HcstackCOMRAM                  cstackCOMRAM 000000
__Hdata                          data         000000
__Heeprom_data                   eeprom_data  000000
__Hfarbss                        farbss       000000
__Hfardata                       fardata      000000
__Hheap                          heap         000000
__Hibigdata                      ibigdata     000000
__Hidata                         idata        000000
__Hidloc                         idloc        200040
__Hifardata                      ifardata     000000
__Hinit                          init         010000
__Hintsave_regs                  intsave_regs 000000
__Hirdata                        irdata       000000
__Hmediumconst                   mediumconst  000000
__HnvFARRAM                      nvFARRAM     000000
__Hnvbit                         nvbit        000000
__Hnvrram                        nvrram       000000
__Hparam                         rparam       000000
__Hpowerup                       powerup      000000
__Hram                           ram          000000
__Hramtop                        ramtop       001500
__Hrbit                          rbit         000000
__Hrbss                          rbss         000000
__Hrdata                         rdata        000000
__Hreset_vec                     reset_vec    000004
__Hrparam                        rparam       000000
__Hsfr                           sfr          000000
__Hsmallconst                    smallconst   000000
__Hspace_0                       (abs)        010000
__Hspace_1                       (abs)        000504
__Hspace_2                       (abs)        000000
__Hspace_4                       (abs)        60000A
__Hstack                         stack        000000
__Hstruct                        struct       000000
__Htemp                          temp         000000
__Htext                          text         000000
__Htext0                         text0        000000
__Htext1                         text1        000000
__Htext2                         text2        000000
__Htext3                         text3        000000
__Htext4                         text4        000000
__Htext5                         text5        000000
__Htext6                         text6        000000
__LRAM                           (abs)        000001
__Labs1                          abs1         000000
__Lbank10                        bank10       000000
__Lbank11                        bank11       000000
__Lbank12                        bank12       000000
__Lbank13                        bank13       000000
__Lbank14                        bank14       000000
__Lbank15                        bank15       000000
__Lbank16                        bank16       000000
__Lbank17                        bank17       000000
__Lbank18                        bank18       000000
__Lbank19                        bank19       000000
__Lbank20                        bank20       000000
__Lbank5                         bank5        000000
__Lbank6                         bank6        000000
__Lbank7                         bank7        000000
__Lbank8                         bank8        000000
__Lbank9                         bank9        000000
__Lbigbss                        bigbss       000000
__Lbigdata                       bigdata      000000
__Lbigram                        bigram       000000
__Lbigsfr                        bigsfr       000000
__Lbss                           bss          000000
__Lcinit                         cinit        000000
__Lclrtext                       clrtext      000000
__Lcomram                        comram       000000
__Lconfig                        config       000000
__Lconst                         const        000000
__LcstackCOMRAM                  cstackCOMRAM 000000
__Ldata                          data         000000
__Leeprom_data                   eeprom_data  000000
__Lfarbss                        farbss       000000
__Lfardata                       fardata      000000
__Lheap                          heap         000000
__Libigdata                      ibigdata     000000
__Lidata                         idata        000000
__Lidloc                         idloc        000000
__Lifardata                      ifardata     000000
__Linit                          init         00FFFC
__Lintsave_regs                  intsave_regs 000000
__Lirdata                        irdata       000000
__Lmediumconst                   mediumconst  000000
__LnvFARRAM                      nvFARRAM     000000
__Lnvbit                         nvbit        000000
__Lnvrram                        nvrram       000000
__Lparam                         rparam       000000
__Lpowerup                       powerup      000000
__Lram                           ram          000000
__Lramtop                        ramtop       001500
__Lrbit                          rbit         000000
__Lrbss                          rbss         000000
__Lrdata                         rdata        000000
__Lreset_vec                     reset_vec    000000
__Lrparam                        rparam       000000
__Lsfr                           sfr          000000
__Lsmallconst                    smallconst   000000
__Lspace_0                       (abs)        000000
__Lspace_1                       (abs)        000000
__Lspace_2                       (abs)        000000
__Lspace_4                       (abs)        000000
__Lstack                         stack        000000
__Lstruct                        struct       000000
__Ltemp                          temp         000000
__Ltext                          text         000000
__Ltext0                         text0        000000
__Ltext1                         text1        000000
__Ltext2                         text2        000000
__Ltext3                         text3        000000
__Ltext4                         text4        000000
__Ltext5                         text5        000000
__Ltext6                         text6        000000
__S0                             (abs)        010000
__S1                             (abs)        000504
__S4                             (abs)        000000
__S5                             (abs)        000000
___heap_hi                       (abs)        000000
___heap_lo                       (abs)        000000
___inthi_sp                      stack        000000
___intlo_sp                      stack        000000
___param_bank                    (abs)        000000
___rparam_used                   (abs)        000001
___sp                            stack        000000
__accesstop                      (abs)        000560
__activetblptr                   (abs)        000000
__end_of_AppInit                 text4        00FFA2
__end_of__initialization         cinit        00FF88
__end_of_led0Off                 text3        00FF84
__end_of_led0On                  text2        00FF88
__end_of_ledInit                 text6        00FF98
__end_of_main                    text0        00FFCE
__end_of_msDelay                 text1        00FFFC
__end_of_msDelayInit             text5        00FF80
__initialization                 cinit        00FF88
__mediumconst                    mediumconst  000000
__pcinit                         cinit        00FF88
__pcstackCOMRAM                  cstackCOMRAM 000501
__ptext0                         text0        00FFA2
__ptext1                         text1        00FFCE
__ptext2                         text2        00FF84
__ptext3                         text3        00FF80
__ptext4                         text4        00FF98
__ptext5                         text5        00FF7E
__ptext6                         text6        00FF8E
__ramtop                         ramtop       001500
__smallconst                     smallconst   000000
_led0Off                         text3        00FF80
_led0On                          text2        00FF84
_ledInit                         text6        00FF8E
_main                            text0        00FFA2
_msDelay                         text1        00FFCE
_msDelayInit                     text5        00FF7E
end_of_initialization            cinit        00FF88
intlevel0                        text         000000
intlevel1                        text         000000
intlevel2                        text         000000
intlevel3                        text         000000
isa$std                          (abs)        000001
isa$xinst                        (abs)        000000
msDelay@DelayValueInMilliseconds cstackCOMRAM 000501
stackhi                          (abs)        000000
stacklo                          (abs)        000000
start                            init         00FFFC
start_initialization             cinit        00FF88


MODULE INFORMATION

Module		Function		Class		Link	Load	Size
msDelay.c
		_msDelay       		CODE           	FFCE	0000	46
		_msDelayInit   		CODE           	FF7E	0000	2

msDelay.c estimated size: 48

mainHello.c
		_AppInit       		CODE           	FF98	0000	10
		_main          		CODE           	FFA2	0000	44

mainHello.c estimated size: 54

shared
		__initialization		CODE           	FF88	0000	1

shared estimated size: 1

led.c
		_led0On        		CODE           	FF84	0000	4
		_led0Off       		CODE           	FF80	0000	4
		_ledInit       		CODE           	FF8E	0000	10

led.c estimated size: 18

